---
source: tests/snapshots.rs
expression: "format(r#\"\nenum { Sunday, Monday, Tuesday, Wednesday, Thursday, Friday, Saturday }\n\nenum { x = 1337, y, z, a = 0, b, c }\n\"#.trim())"
---
enum {
    Sunday,
    Monday,
    Tuesday,
    Wednesday,
    Thursday,
    Friday,
    Saturday
}

enum {
    x = 1337,
    y,
    z,
    a = 0,
    b,
    c
}
