---
source: monkey-c-formatter/tests/snapshots.rs
input_file: monkey-c-formatter/tests/snapshot_inputs/comment_between_keyword_and_paren.mc
---
function f() {
    if /* comment */ (a) {}
    while /* comment */ (a) {}
    for /* comment */ (var i = 0; i < 10; i++) {}
    switch /* comment */ (a) {
        case 1:
            break;
    }
    if (a) {} else if /* comment */ (b) {}
}
