---
source: monkey-c-formatter/tests/snapshots.rs
input_file: monkey-c-formatter/tests/snapshot_inputs/class_with_field_and_methods.mc
---
class MyClass extends Base {
    private var _value as Number = 0;

    public function initialize(value as Number) as Void {
        _value = value;
    }

    function getValue() as Number {
        return _value;
    }
}
