---
source: monkey-c-formatter/tests/snapshots.rs
input_file: monkey-c-formatter/tests/snapshot_inputs/type_grouped.mc
---
class Foo {
    private var _callback as (Method(value as String) as Void)?;
}

typedef OptionalCb as (Method(x as Number) as Void)?;

function f() as (Method() as Boolean) {
    return method(:g);
}
