---
source: tests/snapshots.rs
input_file: tests/snapshot_inputs/typedef_interface.mc
---
typedef Model as PercentModel or LabelModel;

typedef ModelUpdater as interface {
    function updateModel() as Complicated.Model;
};

typedef LittleBoys as interface {
    var frogs as Array<Frogs>;
    var snails as Array<Snails>;
    var puppyDogTails as Array<PuppyDogTails>;
};

typedef Mixed as interface {
    var name as String;
    function greet(other as String) as String;
};

function example(
    you as interface {
        var frogs as Array<Frogs>;
    }
) {}
