---
source: monkey-c-formatter/tests/snapshots.rs
input_file: monkey-c-formatter/tests/snapshot_inputs/function_comment_after_open_brace.mc
---
function example(firstParameter, secondParameter, thirdParameter, fourthParameter, fifthParameter) { // note
    return;
}

function typed(a as Number, b as String) as Void { // note
    return;
}

function single(a) { /* block */
    return;
}

function empty() { // note
    return;
}

function withComments(
    a, // first
    b /* second */,
    c
) { // after brace
    return;
}

function lastTrailing(
    a,
    b // last
) { // after brace
    return;
}
