---
source: tests/snapshots.rs
input_file: tests/snapshot_inputs/float_literal_forms.mc
---
function f() {
    var noSuffix = 1.0;
    var withF = 1.0f;
    var bareF = 0f;
    var leading = .978;
    var leadingF = .5f;
    var doubleInt = 78d;
    var doubleDec = 78.0d;
    var doubleLeading = .5d;
}
