---
source: tests/snapshots.rs
input_file: tests/snapshot_inputs/array_blank_line_between_entries.mc
---
var x = [
    1,

    2,

    // Comment before
    3,
    4,
    // Comment after

    5, // Comment on same line
];

var y1 = [
    1,
    2,
    3,
];

var y2 = [
    1,
    2,

    3,
];

var z1 = [1, 2, 3];

var z2 = [1, 2, 3];

var z3 = [
    1, // Comment
    2,
    3
];
