---
source: monkey-c-formatter/tests/snapshots.rs
input_file: monkey-c-formatter/tests/snapshot_inputs/aligned_dict_inline_comments.mc
---
var leading = {
    /* first */ :first => 1,
    :secondKey         => 2,
};
var leadingSplit = {
    /* first */ :first => firstEntryThatIsQuiteLong,
    :secondKey         => secondEntryThatIsQuiteLong
};
var beforeArrow = {
    :a /* k */ => 1,
    :secondKey => 2,
};
var middle = {
    :a                 => 1,
    /* x */ /* y */ :b => 2,
    :longestKey        => 3,
};
var spansLines = {
    :a => 1,
    :bb /* multi
    line */ => 2,
};
